// Jest Snapshot v1, https://goo.gl/fbAQLP

exports[`should render Create Page correctly 1`] = `
<div>
  <BackgroundColor
    color="#f7f7f7"
  >
    <Container
      mb={3}
      py={3}
    >
      <h1>
        Add Expense
      </h1>
    </Container>
  </BackgroundColor>
  <Container>
    <ExpenseForm
      onSubmit={[Function]}
    />
  </Container>
</div>
`;
