// Jest Snapshot v1, https://goo.gl/fbAQLP

exports[`should render Edit Page correctly 1`] = `
<div>
  <BackgroundColor
    color="#f7f7f7"
  >
    <Container
      mb={3}
      py={3}
    >
      <h1>
        Edit Expense
      </h1>
    </Container>
  </BackgroundColor>
  <Container>
    <ExpenseForm
      amount={1000}
      createdAt={0}
      description="bill"
      note=""
      onSubmit={[Function]}
    />
    <Button
      onClick={[Function]}
      secondary={true}
    >
      Remove
    </Button>
  </Container>
</div>
`;
