// Jest Snapshot v1, https://goo.gl/fbAQLP

exports[`should render ExpenseListItem correctly 1`] = `
<ForwardRef
  as={[Function]}
  to="/edit/123"
>
  <div>
    <ForwardRef
      as="h3"
    >
      test expense
    </ForwardRef>
    <ForwardRef>
      January 1st, 1970
    </ForwardRef>
  </div>
  <ForwardRef
    as="h3"
  >
    $0.00
  </ForwardRef>
</ForwardRef>
`;
