// Jest Snapshot v1, https://goo.gl/fbAQLP

exports[`should render Login Page correctly 1`] = `
<div>
  <ForwardRef
    url="bg.jpg"
  >
    <ForwardRef>
      <ForwardRef>
        Expensify
      </ForwardRef>
      <p>
        It's time to get your expenses under control.
      </p>
      <ForwardRef
        onClick={[Function]}
      >
        Login With Google
      </ForwardRef>
    </ForwardRef>
  </ForwardRef>
</div>
`;
